{
    "1001": {
        "description": "Education-related sites and web pages such as schools, colleges, universities, teaching materials, teachers resources; technical and vocational training; online training; education issues and policies; financial aid; school funding; standards and testing.",
        "name": "Education"
    },
    "1002": {
        "description": "Galleries and exhibitions; artists and art; photography; literature and books, publishing; movies; performing arts and theater; music and radio; television; celebrities and fan sites; design; architecture; entertainment news, entertainment venues; humor.",
        "name": "Arts and Entertainment"
    },
    "1003": {
        "description": "Information about computers and software such as: hardware, software, software support sites; information for software engineers, programming and networking; website design; the web and Internet in general; computer science; computer graphics and clipart.",
        "name": "Computers and Internet"
    },
    "1004": {
        "description": "Career advice; advice on resume writing and interviewing skills; job placement services; job databanks; employment and temp agencies; employer sites.",
        "name": "Job Search"
    },
    "1005": {
        "description": "Auctions; bartering; online purchasing; coupons and free offers; yellow pages; classified ads; general office supplies; online catalogs; online malls.",
        "name": "Shopping"
    },
    "1006": {
        "description": "These are sites directed to adults, not necessarily pornographic sites.  Adult clubs: strip clubs, swingers clubs, escort services, strippers; general information about sex, non-pornographic in nature; genital piercing; adult products, adult greeting cards; information about sex not in the context of health or disease.",
        "name": "Adult"
    },
    "1007": {
        "description": "Various card games, board games, word games, video games; computer games, Internet games (RPGs and D&D); combat games; sports games; downloadable games; game reviews; cheat sheets.",
        "name": "Games"
    },
    "1008": {
        "description": "All sports, professional and amateur; recreational activities; hunting; fishing; fantasy sports; gun and hunting clubs; public parks; amusement parks; water parks; theme parks; zoos and aquariums.",
        "name": "Sports and Recreation"
    },
    "1009": {
        "description": "Health care; disease and disabilities; medical care; hospitals; doctors; medicinal drugs; mental health; psychiatry; pharmacology; exercise and fitness; physical disabilities; vitamins and supplements; sex in a context of health (disease and health care); tobacco use, alcohol use, drug use, and gambling in a context of health (disease and health care); food in general; food and beverage; cooking and recipes; food and nutrition, health, dieting; cooking, including recipe and culinary sites.",
        "name": "Health and Nutrition"
    },
    "1010": {
        "description": "Family and relationships; religions; ethnicity and race; social organizations; genealogy; seniors; clothing and fashion; spas; hair salons; cosmetics (skin care for diseases or conditions may be categorized as Health and Nutrition); hobbies; do-it-yourself; toys for kids; model and remote controlled cars; toy soldiers; childcare.",
        "name": "Society and Culture"
    },
    "1011": {
        "description": "Foreign relations; news and information relating to politics and elections such as: politics, political parties, election news and voting; sites and information relating the field of law such as: attorneys, law firms, law publications, legal reference material, courts, dockets, legal associations; legislation and court decisions; civil rights issues; immigration; patents and copyrights; sites and information relating to law enforcement and correctional systems; sites related to crime, crime reporting, law enforcement, crime statistics, etc; sites relating to the military such as: the armed forces, military bases, military organizations, and military equipment; anti-terrorism.",
        "name": "Government and Law"
    },
    "1012": {
        "description": "Sites involving science and technology: aerospace, electronics, engineering, mathematics, etc.; space exploration; meteorology; geography; environment; energy: oil, nuclear, wind, sun; communications: telephones, telecomm.",
        "name": "Science and Technology"
    },
    "1013": {
        "description": "Natural resources; ecology and conservation; forests; wilderness; plants; flowers; forest conservation; forest, wilderness, forestry practices; forest management (re-forestation, forest protection, conservation, harvesting, forest health, thinning, prescribed burning); agricultural practices: agriculture, gardening, horticulture, landscaping, planting, weed control, irrigation, pruning, harvesting; pollution issues: air quality, hazardous waste, pollution prevention, recycling, waste management, water quality, environmental clean-up industry; animals, pets, livestock, zoology; biology; botany.",
        "name": "Nature"
    },
    "1014": {
        "description": "Archaeology; anthropology; cultural studies; economics; history; linguistics; philosophy; political science; psychology; theology; women's studies.",
        "name": "Social Science"
    },
    "1015": {
        "description": "Sites and information that are primarily financial in nature such as accounting practices and accountants, taxation, taxes, banking, insurance, investing, information relating to the stock market, stocks, bonds, mutual funds, brokers, stock analysis and commentary, stock screens, stock charts, IPOs, stock splits, the national economy, personal finance involving insurance of all types, credit cards, retirement and estate planning, loans, mortgages.",
        "name": "Finance"
    },
    "1016": {
        "description": "Hate-related sites involving racism, sexism, racist theology; hate music; Christian identity religions; World Church of the Creator; Neo-Nazi organizations: Aryan Nations, American Nazi parties, Neo-Nazis, Ku Klux Klan, National Alliance, White Aryan Resistance, white supremacists; National Socialist Movement; Holocaust denial.",
        "name": "Hate Speech"
    },
    "1017": {
        "description": "City and state guides; maps, weather, time; reference sources; dictionaries; libraries; museums; ski conditions; personal information; mass transportation: consumer mass transit information (bus, commuter train, subway, airport),  schedules.",
        "name": "Reference"
    },
    "1018": {
        "description": "Content delivery infrastructure and dynamically-generated content - these cannot be more specifically categorized because the pages are secured or otherwise difficult to categorize",
        "name": "Infrastructure"
    },
    "1019": {
        "description": "Sites involved in business-to-business transactions of all kinds.  Advertising, marketing, commerce, corporations, business practices, workforce, human resources, transportation, payroll, security, venture capital, etc; office supplies; industrial equipment (process equipment), machines and mechanical systems; heating equipment, cooling equipment; materials handling equipment; packaging equipment; manufacturing: solids handling, metal fabrication construction and building; passenger transportation; commerce; industrial design; construction, building materials; industrial design; shipping and freight: freight services, trucking, freight forwarders, truckload carriers, freight/transportation brokers, expedited services, load & freight matching, track & trace, NVOCC, railroad shipping, ocean shipping, road feeder services, moving & storage; online meetings.",
        "name": "Business and Industry"
    },
    "1020": {
        "description": "Web directories and search engines that often serve as home pages such as Excite, MSN, Alta Vista, and Google.",
        "name": "Search Engines and Portals"
    },
    "1022": {
        "description": "Pages that promote crime such as stealing, fraud, phreaking and cracking; warez and pirated software; computer viruses; terrorism, bombs, and anarchy; sites depicting murder and suicide as well as explaining ways to commit them.",
        "name": "Illegal Activities"
    },
    "1024": {
        "description": "Personal web pages; affinity groups; special interest groups; professional organizations for social purposes; personal photo collections; web newsgroups; e-cards; message boards.",
        "name": "Online Communities"
    },
    "1025": {
        "description": "Web pages that promote and aid undetectable and anonymous surfing.",
        "name": "Filter Avoidance"
    },
    "1026": {
        "description": "Sites that involve: net radio, net TV, web casts, streaming audio, streaming video.",
        "name": "Streaming Media"
    },
    "1027": {
        "description": "Banner and pop-up ads that often accompany a web page; other advertising sites that provide advertisement content.",
        "name": "Advertisements"
    },
    "1028": {
        "description": "Online brokerages; sites which afford the user the ability to trade stocks online.",
        "name": "Online Trading"
    },
    "1029": {
        "description": "Non-mainstream approaches to life. Occult practices: esoteric magic, voodoo, witchcraft, casting spells; fortune telling practices: I Ching, numerology, psychic advice, Tarot; paranormal: out of body, astral travel, seances; astrology, horoscopes; UFOs and aliens.",
        "name": "Paranormal and Occult"
    },
    "1031": {
        "description": "Intimate apparel, especially when modeled.",
        "name": "Lingerie and Swimsuits"
    },
    "1032": {
        "description": "Sites related to violence and violent behavior.",
        "name": "Violence"
    },
    "1033": {
        "description": "Sites that offer tasteless, often gory photographs such as autopsy photos, photos of crime scenes, crime or accident victims; sites displaying excessive obscene material.",
        "name": "Tasteless or Obscene"
    },
    "1034": {
        "description": "Sweepstakes, contests and lotteries.",
        "name": "Lottery and Sweepstakes"
    },
    "1036": {
        "description": "Sites or information relating to the purchase or use of conventional weapons such as: gun sellers, gun auctions, gun classified ads, gun accessories, gun shows, gun training; general information about guns; other weapons (e.g. knives, brass knuckles) may be included.",
        "name": "Weapons"
    },
    "1037": {
        "description": "Sites that provide web site hosting services.",
        "name": "Web Hosting"
    },
    "1038": {
        "description": "Email portals and email messages ported through the web.",
        "name": "Web-based Email"
    },
    "1039": {
        "description": "Web-based instant messaging.",
        "name": "Instant Messaging"
    },
    "1040": {
        "description": "Web-based chat sites.",
        "name": "Web-based Chat"
    },
    "1041": {
        "description": "Cults and cult behavior.",
        "name": "Cults"
    },
    "1042": {
        "description": "Spiritual healing; alternative approaches to health, both physical and mental.",
        "name": "Spiritual Healing"
    },
    "1043": {
        "description": "Pictures and text relating to body modification; tattoos and piercing venues; articles and information about tattoos and piercing; body painting.",
        "name": "Tattoos"
    },
    "1044": {
        "description": "Sites about personal transportation; information about cars and motorcycles; shopping for new and used cars and motorcycles; car clubs; boats, airplanes, RVs, etc. (Note: auto and motorcycle racing is categorized as Sports and Recreation).",
        "name": "Transportation"
    },
    "1045": {
        "description": "Information that would support the search for real estate. This includes: office and commercial space, as well as real estate listings such as: rentals, apartments, homes; house building; roommates, etc.",
        "name": "Real Estate"
    },
    "1046": {
        "description": "Business and personal travel; travel information; travel resources; travel agents; vacation packages; cruises; lodging and accommodations; travel transportation: flight booking, airfares, renting cars; vacation homes.",
        "name": "Travel"
    },
    "1047": {
        "description": "Information about recreational drugs, drug paraphernalia, marijuana seeds; advice on how to grow marijuana.",
        "name": "Illegal Drugs"
    },
    "1048": {
        "description": "Beer, wine, spirits: beer and wine making, cocktail recipes, liquor sellers, wineries, vineyards, breweries; mixed drinks; tobacco; pipes and smoking products.",
        "name": "Alcohol and Tobacco"
    },
    "1049": {
        "description": "Casinos and online gambling sites; bookmakers and odds; gambling advice; horse and dog racing in a gambling context; sports book; sports gambling.",
        "name": "Gambling"
    },
    "1050": {
        "description": "Sites discussing ways to hack into web sites, software, and computers.",
        "name": "Hacking"
    },
    "1051": {
        "description": "Sites promoting cheating and selling written work (e.g. term papers) for plagiarism.",
        "name": "Cheating and Plagiarism"
    },
    "1052": {
        "description": "Sexual health; information about, or descriptions of, abortion procedures such as: abortion pills, medical abortions, surgical abortions; abortion clinics and abortion providers.",
        "name": "Sex Ed and Abortion"
    },
    "1053": {
        "description": "Sites that host updates for software packages.",
        "name": "Software Updates"
    },
    "1054": {
        "description": "Sexually explicit text or depictions.  Includes the following: nude celebrities, anime and XXX cartoons, general XXX depictions, material of a sexually violent nature (bondage, domination, sadomasochism, torture, rape, spanking, snuff, fantasy death, necrophilia), other fetish material (foot/legs, infantilism, balloon sex, latex gloves, enema, pregnant women, pony-play, BBW, bestiality), XXX chat rooms, sex simulators, sites that offer strip poker, adult movies, lewd art, web-based pornographic e-mail.",
        "name": "Porn"
    },
    "1055": {
        "description": "Dating sites, online personals, matrimonial agencies, etc.",
        "name": "Dating"
    },
    "1056": {
        "description": "Peer-to-peer file request sites.  This does not track the file transfers themselves.",
        "name": "Peer File Transfer"
    },
    "1057": {
        "description": "Sites directed toward and specifically approved for young children.",
        "name": "Safe for Kids"
    },
    "1058": {
        "description": "News; headlines; newspapers; TV station websites.",
        "name": "News"
    },
    "1060": {
        "description": "Nudism/nudity; nudist camps; artistic nudes.",
        "name": "Non-sexual Nudity"
    },
    "1061": {
        "description": "Eating and drinking establishments; restaurants, bars, taverns, brewpubs; restaurant guides and reviews.",
        "name": "Dining and Drinking"
    },
    "1063": {
        "description": "Web sites that translate web pages between languages.",
        "name": "Web Page Translation"
    },
    "1064": {
        "description": "Sites that host child pornography and pedophilia.",
        "name": "Child Porn"
    },
    "1065": {
        "description": "Sites that offer security product and services for corporate and home users.",
        "name": "Computer Security"
    },
    "1066": {
        "description": "Sites providing offsite and peer to peer storage for backup, sharing, and hosting.",
        "name": "Online Storage and Backup"
    },
    "1067": {
        "description": "Sites that provide telephonic services using the Internet",
        "name": "Internet Telephony"
    },
    "1068": {
        "description": "Sites that provide downloading of freeware and shareware software.",
        "name": "Freeware and Shareware"
    },
    "1069": {
        "description": "Sites that provide social networking.",
        "name": "Social Networking"
    },
    "1070": {
        "description": "Sites that provide SMS services; ringtones.",
        "name": "Mobile Phones"
    },
    "1071": {
        "description": "Sites with the primary purpose of providing download services and hosted file sharing.",
        "name": "File Transfer Services"
    }
}
