{
    "apple.com": [
        {
            "elements": [
                "apple.com"
            ],
            "meta": {
                "cache": "apple.com",
                "ttl": 3600
            },
            "response": {
                "webcat": {
                    "cat": 1003
                }
            }
        }
    ],
    "facebook.com": [
        {
            "elements": [
                "facebook.com"
            ],
            "meta": {
                "cache": "facebook.com",
                "ttl": 3600
            },
            "response": {
                "webcat": {
                    "cat": 1069
                }
            }
        }
    ],
    "http://www.youtube.com/": [
        {
            "elements": [
                "http://www.youtube.com/"
            ],
            "meta": {
                "cache": "http://www.youtube.com/",
                "ttl": 3600
            },
            "response": {
                "webcat": {
                    "cat": 1026
                }
            }
        }
    ],
    "www.google.com": [
        {
            "elements": [
                "www.google.com"
            ],
            "meta": {
                "cache": "www.google.com",
                "ttl": 3600
            },
            "response": {
                "webcat": {
                    "cat": 1020
                }
            }
        }
    ],
    "http://stackoverflow.com": [
        {
            "elements": [
                "http://stackoverflow.com"
            ],
            "meta": {
                "cache": "http://stackoverflow.com",
                "ttl": 3600
            },
            "response": {
                "webcat": {
                    "cat": 1003
                }
            }
        }
    ]
}
