{
    "yeahoo.com": null,
    "google.com": 5.94,
    "xvideos.com": 5.94,
    "ya.ru": -3.92,
    "sedoparking.com": -2.12
}
